[02/26/26    INFO     S compliance_m…
20:03:45]             u              
                      c              
                      c              
                      e              
                      s              
                      s              
                      f              
                      u              
                      l              
                      l              
                      y              
                                     
                      i              
                      n              
                      i              
                      t              
                      i              
                      a              
                      l              
                      i              
                      z              
                      e              
                      d              
                                     
                      C              
                      o              
                      m              
                      p              
                      l              
                      i              
                      a              
                      n              
                      c              
                      e              
                                     
                      M              
                      a              
                      n              
                      a              
                      g              
                      e              
                      r              
                                     
                      C              
                      o              
                      n              
                      f              
                      i              
                      g              
                                     
                      C              
                      l              
                      i              
                      e              
                      n              
                      t              
                      .              
[02/26/26    INFO     S compliance_m…
20:03:46]             u              
                      c              
                      c              
                      e              
                      s              
                      s              
                      f              
                      u              
                      l              
                      l              
                      y              
                                     
                      i              
                      n              
                      i              
                      t              
                      i              
                      a              
                      l              
                      i              
                      z              
                      e              
                      d              
                                     
                      C              
                      o              
                      m              
                      p              
                      l              
                      i              
                      a              
                      n              
                      c              
                      e              
                                     
                      M              
                      a              
                      n              
                      a              
                      g              
                      e              
                      r              
                                     
                      D              
                      e              
                      p              
                      l              
                      o              
                      y              
                      m              
                      e              
                      n              
                      t              
                                     
                      C              
                      l              
                      i              
                      e              
                      n              
                      t              
                      .              
[02/26/26    INFO     S compliance_m…
20:03:47]             u              
                      c              
                      c              
                      e              
                      s              
                      s              
                      f              
                      u              
                      l              
                      l              
                      y              
                                     
                      i              
                      n              
                      i              
                      t              
                      i              
                      a              
                      l              
                      i              
                      z              
                      e              
                      d              
                                     
                      A              
                      u              
                      d              
                      i              
                      t              
                                     
                      M              
                      a              
                      n              
                      a              
                      g              
                      e              
                      r              
                                     
                      C              
                      l              
                      i              
                      e              
                      n              
                      t              
                      .              
[02/26/26    INFO     S compliance_m…
20:03:48]             u              
                      c              
                      c              
                      e              
                      s              
                      s              
                      f              
                      u              
                      l              
                      l              
                      y              
                                     
                      i              
                      n              
                      i              
                      t              
                      i              
                      a              
                      l              
                      i              
                      z              
                      e              
                      d              
                                     
                      A              
                      s              
                      s              
                      u              
                      r              
                      e              
                      d              
                                     
                      W              
                      o              
                      r              
                      k              
                      l              
                      o              
                      a              
                      d              
                      s              
                                     
                      C              
                      l              
                      i              
                      e              
                      n              
                      t              
                      .              
             WARNING  T tool_manager…
                      o              
                      o              
                      l              
                                     
                      a              
                      l              
                      r              
                      e              
                      a              
                      d              
                      y              
                                     
                      e              
                      x              
                      i              
                      s              
                      t              
                      s              
                      :              
                                     
                      l              
                      i              
                      s              
                      t              
                      _              
                      v              
                      i              
                      o              
                      l              
                      a              
                      t              
                      i              
                      o              
                      n              
                      s              
             WARNING  T tool_manager…
                      o              
                      o              
                      l              
                                     
                      a              
                      l              
                      r              
                      e              
                      a              
                      d              
                      y              
                                     
                      e              
                      x              
                      i              
                      s              
                      t              
                      s              
                      :              
                                     
                      g              
                      e              
                      t              
                      _              
                      v              
                      i              
                      o              
                      l              
                      a              
                      t              
                      i              
                      o              
                      n              
             WARNING  T tool_manager…
                      o              
                      o              
                      l              
                                     
                      a              
                      l              
                      r              
                      e              
                      a              
                      d              
                      y              
                                     
                      e              
                      x              
                      i              
                      s              
                      t              
                      s              
                      :              
                                     
                      a              
                      c              
                      k              
                      n              
                      o              
                      w              
                      l              
                      e              
                      d              
                      g              
                      e              
                      _              
                      v              
                      i              
                      o              
                      l              
                      a              
                      t              
                      i              
                      o              
                      n              
.             INFO     C compliance_m…
                      r              
                      e              
                      a              
                      t              
                      i              
                      n              
                      g              
                                     
                      w              
                      o              
                      r              
                      k              
                      l              
                      o              
                      a              
                      d              
                                     
                      i              
                      n              
                                     
                      p              
                      a              
                      r              
                      e              
                      n              
                      t              
                      :              
                                     
                      o              
                      r              
                      g              
                      a              
                      n              
                      i              
                      z              
                      a              
                      t              
                      i              
                      o              
                      n              
                      s              
                      /              
                      1              
                      2              
                      3              
                      /              
                      l              
                      o              
                      c              
                      a              
                      t              
                      i              
                      o              
                      n              
                      s              
                      /              
                      u              
                      s              
                      -              
                      c              
                      e              
                      n              
                      t              
                      r              
                      a              
                      l              
                      1              
             INFO     C compliance_m…
                      r              
                      e              
                      a              
                      t              
                      e              
                      W              
                      o              
                      r              
                      k              
                      l              
                      o              
                      a              
                      d              
                                     
                      o              
                      p              
                      e              
                      r              
                      a              
                      t              
                      i              
                      o              
                      n              
                                     
                      s              
                      t              
                      a              
                      r              
                      t              
                      e              
                      d              
                      :              
                                     
                      o              
                      r              
                      g              
                      a              
                      n              
                      i              
                      z              
                      a              
                      t              
                      i              
                      o              
                      n              
                      s              
                      /              
                      1              
                      2              
                      3              
                      /              
                      l              
                      o              
                      c              
                      a              
                      t              
                      i              
                      o              
                      n              
                      s              
                      /              
                      u              
                      s              
                      -              
                      c              
                      e              
                      n              
                      t              
                      r              
                      a              
                      l              
                      1              
                      /              
                      o              
                      p              
                      e              
                      r              
                      a              
                      t              
                      i              
                      o              
                      n              
                      s              
                      /              
                      4              
                      5              
                      6              
..             INFO     G compliance_m…
                      e              
                      t              
                      t              
                      i              
                      n              
                      g              
                                     
                      w              
                      o              
                      r              
                      k              
                      l              
                      o              
                      a              
                      d              
                      :              
                                     
                      o              
                      r              
                      g              
                      a              
                      n              
                      i              
                      z              
                      a              
                      t              
                      i              
                      o              
                      n              
                      s              
                      /              
                      1              
                      2              
                      3              
                      /              
                      l              
                      o              
                      c              
                      a              
                      t              
                      i              
                      o              
                      n              
                      s              
                      /              
                      u              
                      s              
                      -              
                      c              
                      e              
                      n              
                      t              
                      r              
                      a              
                      l              
                      1              
                      /              
                      w              
                      o              
                      r              
                      k              
                      l              
                      o              
                      a              
                      d              
                      s              
                      /              
                      w              
                      o              
                      r              
                      k              
                      l              
                      o              
                      a              
                      d              
                      -              
                      1              
.EEEEE.             INFO     C compliance_m…
                      r              
                      e              
                      a              
                      t              
                      i              
                      n              
                      g              
                                     
                      c              
                      l              
                      o              
                      u              
                      d              
                                     
                      c              
                      o              
                      n              
                      t              
                      r              
                      o              
                      l              
                                     
                      '              
                      c              
                      c              
                      -              
                      1              
                      '              
                                     
                      i              
                      n              
                                     
                      p              
                      a              
                      r              
                      e              
                      n              
                      t              
                      :              
                                     
                      o              
                      r              
                      g              
                      a              
                      n              
                      i              
                      z              
                      a              
                      t              
                      i              
                      o              
                      n              
                      s              
                      /              
                      1              
                      2              
                      3              
                      /              
                      l              
                      o              
                      c              
                      a              
                      t              
                      i              
                      o              
                      n              
                      s              
                      /              
                      g              
                      l              
                      o              
                      b              
                      a              
                      l              
             INFO     R compliance_m…
                      e              
                      s              
                      o              
                      u              
                      r              
                      c              
                      e              
                                     
                      t              
                      y              
                      p              
                      e              
                      :              
                                     
                      c              
                      o              
                      m              
                      p              
                      u              
                      t              
                      e              
                      .              
                      g              
                      o              
                      o              
                      g              
                      l              
                      e              
                      a              
                      p              
                      i              
                      s              
                      .              
                      c              
                      o              
                      m              
                      /              
                      I              
                      n              
                      s              
                      t              
                      a              
                      n              
                      c              
                      e              
                      ,              
                                     
                      C              
                      E              
                      L              
                                     
                      e              
                      x              
                      p              
                      r              
                      e              
                      s              
                      s              
                      i              
                      o              
                      n              
                      :              
                                     
                      r              
                      e              
                      q              
                      u              
                      e              
                      s              
                      t              
                      .              
                      r              
                      e              
                      s              
                      o              
                      u              
                      r              
                      c              
                      e              
                      .              
                      n              
                      a              
                      m              
                      e              
                      .              
                      s              
                      t              
                      a              
                      r              
                      t              
                      s              
                      W              
                      i              
                      t              
                      h              
                      (              
                      '              
                      p              
                      r              
                      o              
                      d              
                      '              
                      )              
.             INFO     C compliance_m…
                      r              
                      e              
                      a              
                      t              
                      i              
                      n              
                      g              
                                     
                      f              
                      r              
                      a              
                      m              
                      e              
                      w              
                      o              
                      r              
                      k              
                                     
                      '              
                      f              
                      w              
                      -              
                      1              
                      '              
                                     
                      i              
                      n              
                                     
                      p              
                      a              
                      r              
                      e              
                      n              
                      t              
                      :              
                                     
                      o              
                      r              
                      g              
                      a              
                      n              
                      i              
                      z              
                      a              
                      t              
                      i              
                      o              
                      n              
                      s              
                      /              
                      1              
                      2              
                      3              
                      /              
                      l              
                      o              
                      c              
                      a              
                      t              
                      i              
                      o              
                      n              
                      s              
                      /              
                      g              
                      l              
                      o              
                      b              
                      a              
                      l              
.             INFO     G compliance_m…
                      e              
                      t              
                      t              
                      i              
                      n              
                      g              
                                     
                      f              
                      r              
                      a              
                      m              
                      e              
                      w              
                      o              
                      r              
                      k              
                      :              
                                     
                      o              
                      r              
                      g              
                      a              
                      n              
                      i              
                      z              
                      a              
                      t              
                      i              
                      o              
                      n              
                      s              
                      /              
                      1              
                      2              
                      3              
                      /              
                      l              
                      o              
                      c              
                      a              
                      t              
                      i              
                      o              
                      n              
                      s              
                      /              
                      g              
                      l              
                      o              
                      b              
                      a              
                      l              
                      /              
                      f              
                      r              
                      a              
                      m              
                      e              
                      w              
                      o              
                      r              
                      k              
                      s              
                      /              
                      f              
                      w              
                      -              
                      1              
.             INFO     L compliance_m…
                      i              
                      s              
                      t              
                      i              
                      n              
                      g              
                                     
                      c              
                      l              
                      o              
                      u              
                      d              
                                     
                      c              
                      o              
                      n              
                      t              
                      r              
                      o              
                      l              
                      s              
                                     
                      f              
                      o              
                      r              
                                     
                      p              
                      a              
                      r              
                      e              
                      n              
                      t              
                      :              
                                     
                      o              
                      r              
                      g              
                      a              
                      n              
                      i              
                      z              
                      a              
                      t              
                      i              
                      o              
                      n              
                      s              
                      /              
                      1              
                      2              
                      3              
                      /              
                      l              
                      o              
                      c              
                      a              
                      t              
                      i              
                      o              
                      n              
                      s              
                      /              
                      g              
                      l              
                      o              
                      b              
                      a              
                      l              
.             INFO     L compliance_m…
                      i              
                      s              
                      t              
                      i              
                      n              
                      g              
                                     
                      f              
                      r              
                      a              
                      m              
                      e              
                      w              
                      o              
                      r              
                      k              
                      s              
                                     
                      f              
                      o              
                      r              
                                     
                      p              
                      a              
                      r              
                      e              
                      n              
                      t              
                      :              
                                     
                      o              
                      r              
                      g              
                      a              
                      n              
                      i              
                      z              
                      a              
                      t              
                      i              
                      o              
                      n              
                      s              
                      /              
                      1              
                      2              
                      3              
                      /              
                      l              
                      o              
                      c              
                      a              
                      t              
                      i              
                      o              
                      n              
                      s              
                      /              
                      g              
                      l              
                      o              
                      b              
                      a              
                      l              
..             INFO     C compliance_m…
                      r              
                      e              
                      a              
                      t              
                      i              
                      n              
                      g              
                                     
                      f              
                      r              
                      a              
                      m              
                      e              
                      w              
                      o              
                      r              
                      k              
                                     
                      d              
                      e              
                      p              
                      l              
                      o              
                      y              
                      m              
                      e              
                      n              
                      t              
                                     
                      '              
                      d              
                      e              
                      p              
                      -              
                      1              
                      '              
                                     
                      i              
                      n              
                                     
                      p              
                      a              
                      r              
                      e              
                      n              
                      t              
                      :              
                                     
                      o              
                      r              
                      g              
                      a              
                      n              
                      i              
                      z              
                      a              
                      t              
                      i              
                      o              
                      n              
                      s              
                      /              
                      1              
                      2              
                      3              
                      /              
                      l              
                      o              
                      c              
                      a              
                      t              
                      i              
                      o              
                      n              
                      s              
                      /              
                      g              
                      l              
                      o              
                      b              
                      a              
                      l              
                      ,              
                                     
                      c              
                      c              
                      -              
                      1              
                      #              
                      1              
                      #              
                      D              
                      E              
                      T              
                      E              
                      C              
                      T              
                      I              
                      V              
                      E              
             INFO     R compliance_m…
                      e              
                      q              
                      u              
                      e              
                      s              
                      t              
                                     
                      f              
                      o              
                      r              
                                     
                      c              
                      r              
                      e              
                      a              
                      t              
                      e              
                                     
                      f              
                      r              
                      a              
                      m              
                      e              
                      w              
                      o              
                      r              
                      k              
                                     
                      d              
                      e              
                      p              
                      l              
                      o              
                      y              
                      m              
                      e              
                      n              
                      t              
                                     
                      p              
                      a              
                      r              
                      e              
                      n              
                      t              
                      :              
                                     
                      "              
                      o              
                      r              
                      g              
                      a              
                      n              
                      i              
                      z              
                      a              
                      t              
                      i              
                      o              
                      n              
                      s              
                      /              
                      1              
                      2              
                      3              
                      /              
                      l              
                      o              
                      c              
                      a              
                      t              
                      i              
                      o              
                      n              
                      s              
                      /              
                      g              
                      l              
                      o              
                      b              
                      a              
                      l              
                      "              
                      f              
                      r              
                      a              
                      m              
                      e              
                      w              
                      o              
                      r              
                      k              
                      _              
                      d              
                      e              
                      p              
                      l              
                      o              
                      y              
                      m              
                      e              
                      n              
                      t              
                      _              
                      i              
                      d              
                      :              
                                     
                      "              
                      d              
                      e              
                      p              
                      -              
                      1              
                      "              
                      f              
                      r              
                      a              
                      m              
                      e              
                      w              
                      o              
                      r              
                      k              
                      _              
                      d              
                      e              
                      p              
                      l              
                      o              
                      y              
                      m              
                      e              
                      n              
                      t              
                                     
                      {              
                                     
                                     
                      t              
                      a              
                      r              
                      g              
                      e              
                      t              
                      _              
                      r              
                      e              
                      s              
                      o              
                      u              
                      r              
                      c              
                      e              
                      _              
                      c              
                      o              
                      n              
                      f              
                      i              
                      g              
                                     
                      {              
                                     
                                     
                                     
                                     
                      e              
                      x              
                      i              
                      s              
                      t              
                      i              
                      n              
                      g              
                      _              
                      t              
                      a              
                      r              
                      g              
                      e              
                      t              
                      _              
                      r              
                      e              
                      s              
                      o              
                      u              
                      r              
                      c              
                      e              
                      :              
                                     
                      "              
                      o              
                      r              
                      g              
                      a              
                      n              
                      i              
                      z              
                      a              
                      t              
                      i              
                      o              
                      n              
                      s              
                      /              
                      1              
                      2              
                      3              
                      "              
                                     
                                     
                      }              
                                     
                                     
                      f              
                      r              
                      a              
                      m              
                      e              
                      w              
                      o              
                      r              
                      k              
                                     
                      {              
                                     
                                     
                                     
                                     
                      f              
                      r              
                      a              
                      m              
                      e              
                      w              
                      o              
                      r              
                      k              
                      :              
                                     
                      "              
                      f              
                      r              
                      a              
                      m              
                      e              
                      w              
                      o              
                      r              
                      k              
                      s              
                      /              
                      f              
                      w              
                      -              
                      1              
                      "              
                                     
                                     
                                     
                                     
                      m              
                      a              
                      j              
                      o              
                      r              
                      _              
                      r              
                      e              
                      v              
                      i              
                      s              
                      i              
                      o              
                      n              
                      _              
                      i              
                      d              
                      :              
                                     
                      1              
                                     
                                     
                      }              
                                     
                                     
                      c              
                      l              
                      o              
                      u              
                      d              
                      _              
                      c              
                      o              
                      n              
                      t              
                      r              
                      o              
                      l              
                      _              
                      m              
                      e              
                      t              
                      a              
                      d              
                      a              
                      t              
                      a              
                                     
                      {              
                                     
                                     
                                     
                                     
                      c              
                      l              
                      o              
                      u              
                      d              
                      _              
                      c              
                      o              
                      n              
                      t              
                      r              
                      o              
                      l              
                      _              
                      d              
                      e              
                      t              
                      a              
                      i              
                      l              
                      s              
                                     
                      {              
                                     
                                     
                                     
                                     
                                     
                                     
                      n              
                      a              
                      m              
                      e              
                      :              
                                     
                      "              
                      o              
                      r              
                      g              
                      a              
                      n              
                      i              
                      z              
                      a              
                      t              
                      i              
                      o              
                      n              
                      s              
                      /              
                      1              
                      2              
                      3              
                      /              
                      l              
                      o              
                      c              
                      a              
                      t              
                      i              
                      o              
                      n              
                      s              
                      /              
                      g              
                      l              
                      o              
                      b              
                      a              
                      l              
                      /              
                      c              
                      l              
                      o              
                      u              
                      d              
                      C              
                      o              
                      n              
                      t              
                      r              
                      o              
                      l              
                      s              
                      /              
                      c              
                      c              
                      -              
                      1              
                      "              
                                     
                                     
                                     
                                     
                                     
                                     
                      m              
                      a              
                      j              
                      o              
                      r              
                      _              
                      r              
                      e              
                      v              
                      i              
                      s              
                      i              
                      o              
                      n              
                      _              
                      i              
                      d              
                      :              
                                     
                      1              
                                     
                                     
                                     
                                     
                      }              
                                     
                                     
                                     
                                     
                      e              
                      n              
                      f              
                      o              
                      r              
                      c              
                      e              
                      m              
                      e              
                      n              
                      t              
                      _              
                      m              
                      o              
                      d              
                      e              
                      :              
                                     
                      D              
                      E              
                      T              
                      E              
                      C              
                      T              
                      I              
                      V              
                      E              
                                     
                                     
                      }              
                      }              
                                     
             INFO     W compliance_m…
                      a              
                      i              
                      t              
                      i              
                      n              
                      g              
                                     
                      f              
                      o              
                      r              
                                     
                      f              
                      r              
                      a              
                      m              
                      e              
                      w              
                      o              
                      r              
                      k              
                                     
                      d              
                      e              
                      p              
                      l              
                      o              
                      y              
                      m              
                      e              
                      n              
                      t              
                                     
                      c              
                      r              
                      e              
                      a              
                      t              
                      i              
                      o              
                      n              
                                     
                      t              
                      o              
                                     
                      c              
                      o              
                      m              
                      p              
                      l              
                      e              
                      t              
                      e              
                      .              
                      .              
                      .              
                      :              
                                     
                      o              
                      p              
                      -              
                      1              
             INFO     F compliance_m…
                      e              
                      t              
                      c              
                      h              
                      i              
                      n              
                      g              
                                     
                      s              
                      t              
                      a              
                      t              
                      u              
                      s              
                                     
                      f              
                      o              
                      r              
                                     
                      L              
                      R              
                      O              
                      :              
                                     
                      o              
                      p              
                      -              
                      1              
             INFO     R compliance_m…
                      e              
                      q              
                      u              
                      e              
                      s              
                      t              
                                     
                      f              
                      o              
                      r              
                                     
                      g              
                      e              
                      t              
                                     
                      o              
                      p              
                      e              
                      r              
                      a              
                      t              
                      i              
                      o              
                      n              
                                     
                      n              
                      a              
                      m              
                      e              
                      :              
                                     
                      "              
                      o              
                      p              
                      -              
                      1              
                      "              
                                     
             ERROR    L compliance_m…
                      R              
                      O              
                                     
                      o              
                      p              
                      -              
                      1              
                                     
                      f              
                      a              
                      i              
                      l              
                      e              
                      d              
                      :              
                                     
                      <              
                      M              
                      a              
                      g              
                      i              
                      c              
                      M              
                      o              
                      c              
                      k              
                                     
                      n              
                      a              
                      m              
                      e              
                      =              
                      '              
                      d              
                      e              
                      p              
                      l              
                      o              
                      y              
                      m              
                      e              
                      n              
                      t              
                      _              
                      c              
                      l              
                      i              
                      e              
                      n              
                      t              
                      .              
                      c              
                      r              
                      e              
                      a              
                      t              
                      e              
                      _              
                      f              
                      r              
                      a              
                      m              
                      e              
                      w              
                      o              
                      r              
                      k              
                      _              
                      d              
                      e              
                      p              
                      l              
                      o              
                      y              
                      m              
                      e              
                      n              
                      t              
                      (              
                      )              
                      .              
                      e              
                      r              
                      r              
                      o              
                      r              
                      '              
                                     
                      i              
                      d              
                      =              
                      '              
                      1              
                      3              
                      9              
                      8              
                      9              
                      6              
                      4              
                      6              
                      4              
                      1              
                      3              
                      5              
                      5              
                      0              
                      4              
                      '              
                      >              
F             INFO     D compliance_m…
                      e              
                      l              
                      e              
                      t              
                      i              
                      n              
                      g              
                                     
                      f              
                      r              
                      a              
                      m              
                      e              
                      w              
                      o              
                      r              
                      k              
                                     
                      d              
                      e              
                      p              
                      l              
                      o              
                      y              
                      m              
                      e              
                      n              
                      t              
                      :              
                                     
                      o              
                      r              
                      g              
                      a              
                      n              
                      i              
                      z              
                      a              
                      t              
                      i              
                      o              
                      n              
                      s              
                      /              
                      1              
                      2              
                      3              
                      /              
                      l              
                      o              
                      c              
                      a              
                      t              
                      i              
                      o              
                      n              
                      s              
                      /              
                      g              
                      l              
                      o              
                      b              
                      a              
                      l              
                      /              
                      f              
                      r              
                      a              
                      m              
                      e              
                      w              
                      o              
                      r              
                      k              
                      D              
                      e              
                      p              
                      l              
                      o              
                      y              
                      m              
                      e              
                      n              
                      t              
                      s              
                      /              
                      d              
                      e              
                      p              
                      -              
                      1              
             INFO     W compliance_m…
                      a              
                      i              
                      t              
                      i              
                      n              
                      g              
                                     
                      f              
                      o              
                      r              
                                     
                      f              
                      r              
                      a              
                      m              
                      e              
                      w              
                      o              
                      r              
                      k              
                                     
                      d              
                      e              
                      p              
                      l              
                      o              
                      y              
                      m              
                      e              
                      n              
                      t              
                                     
                      d              
                      e              
                      l              
                      e              
                      t              
                      i              
                      o              
                      n              
                                     
                      t              
                      o              
                                     
                      c              
                      o              
                      m              
                      p              
                      l              
                      e              
                      t              
                      e              
                      .              
                      .              
                      .              
                                     
                      L              
                      R              
                      O              
                                     
                      N              
                      a              
                      m              
                      e              
                      :              
                                     
                      o              
                      p              
                      -              
                      1              
             INFO     F compliance_m…
                      e              
                      t              
                      c              
                      h              
                      i              
                      n              
                      g              
                                     
                      s              
                      t              
                      a              
                      t              
                      u              
                      s              
                                     
                      f              
                      o              
                      r              
                                     
                      L              
                      R              
                      O              
                      :              
                                     
                      o              
                      p              
                      -              
                      1              
             INFO     R compliance_m…
                      e              
                      q              
                      u              
                      e              
                      s              
                      t              
                                     
                      f              
                      o              
                      r              
                                     
                      g              
                      e              
                      t              
                                     
                      o              
                      p              
                      e              
                      r              
                      a              
                      t              
                      i              
                      o              
                      n              
                                     
                      n              
                      a              
                      m              
                      e              
                      :              
                                     
                      "              
                      o              
                      p              
                      -              
                      1              
                      "              
                                     
             ERROR    L compliance_m…
                      R              
                      O              
                                     
                      o              
                      p              
                      -              
                      1              
                                     
                      f              
                      a              
                      i              
                      l              
                      e              
                      d              
                      :              
                                     
                      <              
                      M              
                      a              
                      g              
                      i              
                      c              
                      M              
                      o              
                      c              
                      k              
                                     
                      n              
                      a              
                      m              
                      e              
                      =              
                      '              
                      d              
                      e              
                      p              
                      l              
                      o              
                      y              
                      m              
                      e              
                      n              
                      t              
                      _              
                      c              
                      l              
                      i              
                      e              
                      n              
                      t              
                      .              
                      d              
                      e              
                      l              
                      e              
                      t              
                      e              
                      _              
                      f              
                      r              
                      a              
                      m              
                      e              
                      w              
                      o              
                      r              
                      k              
                      _              
                      d              
                      e              
                      p              
                      l              
                      o              
                      y              
                      m              
                      e              
                      n              
                      t              
                      (              
                      )              
                      .              
                      e              
                      r              
                      r              
                      o              
                      r              
                      '              
                                     
                      i              
                      d              
                      =              
                      '              
                      1              
                      3              
                      9              
                      8              
                      9              
                      6              
                      0              
                      1              
                      7              
                      0              
                      1              
                      2              
                      7              
                      8              
                      4              
                      '              
                      >              
F             INFO     G compliance_m…
                      e              
                      t              
                      t              
                      i              
                      n              
                      g              
                                     
                      f              
                      r              
                      a              
                      m              
                      e              
                      w              
                      o              
                      r              
                      k              
                                     
                      d              
                      e              
                      p              
                      l              
                      o              
                      y              
                      m              
                      e              
                      n              
                      t              
                      :              
                                     
                      o              
                      r              
                      g              
                      a              
                      n              
                      i              
                      z              
                      a              
                      t              
                      i              
                      o              
                      n              
                      s              
                      /              
                      1              
                      2              
                      3              
                      /              
                      l              
                      o              
                      c              
                      a              
                      t              
                      i              
                      o              
                      n              
                      s              
                      /              
                      g              
                      l              
                      o              
                      b              
                      a              
                      l              
                      /              
                      f              
                      r              
                      a              
                      m              
                      e              
                      w              
                      o              
                      r              
                      k              
                      D              
                      e              
                      p              
                      l              
                      o              
                      y              
                      m              
                      e              
                      n              
                      t              
                      s              
                      /              
                      d              
                      e              
                      p              
                      -              
                      1              
.             INFO     L compliance_m…
                      i              
                      s              
                      t              
                      i              
                      n              
                      g              
                                     
                      f              
                      r              
                      a              
                      m              
                      e              
                      w              
                      o              
                      r              
                      k              
                                     
                      d              
                      e              
                      p              
                      l              
                      o              
                      y              
                      m              
                      e              
                      n              
                      t              
                      s              
                                     
                      f              
                      o              
                      r              
                                     
                      p              
                      a              
                      r              
                      e              
                      n              
                      t              
                      :              
                                     
                      o              
                      r              
                      g              
                      a              
                      n              
                      i              
                      z              
                      a              
                      t              
                      i              
                      o              
                      n              
                      s              
                      /              
                      1              
                      2              
                      3              
                      /              
                      l              
                      o              
                      c              
                      a              
                      t              
                      i              
                      o              
                      n              
                      s              
                      /              
                      g              
                      l              
                      o              
                      b              
                      a              
                      l              
.
======================================================================
ERROR: test_client_not_initialized (test_audit_manager.TestAuditManager.test_client_not_initialized)
----------------------------------------------------------------------
Traceback (most recent call last):
  File "/usr/lib/python3.13/asyncio/runners.py", line 118, in run
    return self._loop.run_until_complete(task)
           ~~~~~~~~~~~~~~~~~~~~~~~~~~~~~^^^^^^
  File "/usr/lib/python3.13/asyncio/base_events.py", line 725, in run_until_complete
    return future.result()
           ~~~~~~~~~~~~~^^
  File "/usr/lib/python3.13/unittest/mock.py", line 1443, in patched
    return await func(*newargs, **newkeywargs)
           ^^^^^^^^^^^^^^^^^^^^^^^^^^^^^^^^^^^
  File "/usr/local/google/home/vermaharsh/code/rcps/geminiExtension/DbGeminiCliExtension/tests/test_audit_manager.py", line 84, in test_client_not_initialized
    result = await list_audit_reports("123")
             ^^^^^^^^^^^^^^^^^^^^^^^^^^^^^^^
TypeError: object dict can't be used in 'await' expression

======================================================================
ERROR: test_enroll_resource_success (test_audit_manager.TestAuditManager.test_enroll_resource_success)
----------------------------------------------------------------------
Traceback (most recent call last):
  File "/usr/lib/python3.13/asyncio/runners.py", line 118, in run
    return self._loop.run_until_complete(task)
           ~~~~~~~~~~~~~~~~~~~~~~~~~~~~~^^^^^^
  File "/usr/lib/python3.13/asyncio/base_events.py", line 725, in run_until_complete
    return future.result()
           ~~~~~~~~~~~~~^^
  File "/usr/lib/python3.13/unittest/mock.py", line 1443, in patched
    return await func(*newargs, **newkeywargs)
           ^^^^^^^^^^^^^^^^^^^^^^^^^^^^^^^^^^^
  File "/usr/local/google/home/vermaharsh/code/rcps/geminiExtension/DbGeminiCliExtension/tests/test_audit_manager.py", line 29, in test_enroll_resource_success
    result = await enroll_resource(organization_id="123", resource_id="projects/p1")
                   ~~~~~~~~~~~~~~~^^^^^^^^^^^^^^^^^^^^^^^^^^^^^^^^^^^^^^^^^^^^^^^^^^
TypeError: enroll_resource() got an unexpected keyword argument 'organization_id'

======================================================================
ERROR: test_generate_audit_scope_report (test_audit_manager.TestAuditManager.test_generate_audit_scope_report)
----------------------------------------------------------------------
Traceback (most recent call last):
  File "/usr/lib/python3.13/asyncio/runners.py", line 118, in run
    return self._loop.run_until_complete(task)
           ~~~~~~~~~~~~~~~~~~~~~~~~~~~~~^^^^^^
  File "/usr/lib/python3.13/asyncio/base_events.py", line 725, in run_until_complete
    return future.result()
           ~~~~~~~~~~~~~^^
  File "/usr/lib/python3.13/unittest/mock.py", line 1443, in patched
    return await func(*newargs, **newkeywargs)
           ^^^^^^^^^^^^^^^^^^^^^^^^^^^^^^^^^^^
  File "/usr/local/google/home/vermaharsh/code/rcps/geminiExtension/DbGeminiCliExtension/tests/test_audit_manager.py", line 40, in test_generate_audit_scope_report
    result = await generate_audit_scope_report(
                   ~~~~~~~~~~~~~~~~~~~~~~~~~~~^
        organization_id="123",
        ^^^^^^^^^^^^^^^^^^^^^^
    ...<3 lines>...
        gcs_uri="gs://bucket"
        ^^^^^^^^^^^^^^^^^^^^^
    )
    ^
TypeError: generate_audit_scope_report() got an unexpected keyword argument 'organization_id'

======================================================================
ERROR: test_get_audit_report (test_audit_manager.TestAuditManager.test_get_audit_report)
----------------------------------------------------------------------
Traceback (most recent call last):
  File "/usr/lib/python3.13/asyncio/runners.py", line 118, in run
    return self._loop.run_until_complete(task)
           ~~~~~~~~~~~~~~~~~~~~~~~~~~~~~^^^^^^
  File "/usr/lib/python3.13/asyncio/base_events.py", line 725, in run_until_complete
    return future.result()
           ~~~~~~~~~~~~~^^
  File "/usr/lib/python3.13/unittest/mock.py", line 1443, in patched
    return await func(*newargs, **newkeywargs)
           ^^^^^^^^^^^^^^^^^^^^^^^^^^^^^^^^^^^
  File "/usr/local/google/home/vermaharsh/code/rcps/geminiExtension/DbGeminiCliExtension/tests/test_audit_manager.py", line 76, in test_get_audit_report
    result = await get_audit_report(organization_id="123", audit_report_id="rep-1")
                   ~~~~~~~~~~~~~~~~^^^^^^^^^^^^^^^^^^^^^^^^^^^^^^^^^^^^^^^^^^^^^^^^
TypeError: get_audit_report() got an unexpected keyword argument 'organization_id'

======================================================================
ERROR: test_list_audit_reports (test_audit_manager.TestAuditManager.test_list_audit_reports)
----------------------------------------------------------------------
Traceback (most recent call last):
  File "/usr/lib/python3.13/asyncio/runners.py", line 118, in run
    return self._loop.run_until_complete(task)
           ~~~~~~~~~~~~~~~~~~~~~~~~~~~~~^^^^^^
  File "/usr/lib/python3.13/asyncio/base_events.py", line 725, in run_until_complete
    return future.result()
           ~~~~~~~~~~~~~^^
  File "/usr/lib/python3.13/unittest/mock.py", line 1443, in patched
    return await func(*newargs, **newkeywargs)
           ^^^^^^^^^^^^^^^^^^^^^^^^^^^^^^^^^^^
  File "/usr/local/google/home/vermaharsh/code/rcps/geminiExtension/DbGeminiCliExtension/tests/test_audit_manager.py", line 63, in test_list_audit_reports
    result = await list_audit_reports(organization_id="123")
                   ~~~~~~~~~~~~~~~~~~^^^^^^^^^^^^^^^^^^^^^^^
TypeError: list_audit_reports() got an unexpected keyword argument 'organization_id'

======================================================================
FAIL: test_create_framework_deployment_success (test_deployment_service.TestDeploymentService.test_create_framework_deployment_success)
----------------------------------------------------------------------
Traceback (most recent call last):
  File "/usr/lib/python3.13/asyncio/runners.py", line 118, in run
    return self._loop.run_until_complete(task)
           ~~~~~~~~~~~~~~~~~~~~~~~~~~~~~^^^^^^
  File "/usr/lib/python3.13/asyncio/base_events.py", line 725, in run_until_complete
    return future.result()
           ~~~~~~~~~~~~~^^
  File "/usr/lib/python3.13/unittest/mock.py", line 1443, in patched
    return await func(*newargs, **newkeywargs)
           ^^^^^^^^^^^^^^^^^^^^^^^^^^^^^^^^^^^
  File "/usr/local/google/home/vermaharsh/code/rcps/geminiExtension/DbGeminiCliExtension/tests/test_deployment_service.py", line 66, in test_create_framework_deployment_success
    self.assertEqual(result["result"], "passed")
    ~~~~~~~~~~~~~~~~^^^^^^^^^^^^^^^^^^^^^^^^^^^^
AssertionError: 'failed' != 'passed'
- failed
+ passed


======================================================================
FAIL: test_delete_framework_deployment_success (test_deployment_service.TestDeploymentService.test_delete_framework_deployment_success)
----------------------------------------------------------------------
Traceback (most recent call last):
  File "/usr/lib/python3.13/asyncio/runners.py", line 118, in run
    return self._loop.run_until_complete(task)
           ~~~~~~~~~~~~~~~~~~~~~~~~~~~~~^^^^^^
  File "/usr/lib/python3.13/asyncio/base_events.py", line 725, in run_until_complete
    return future.result()
           ~~~~~~~~~~~~~^^
  File "/usr/lib/python3.13/unittest/mock.py", line 1443, in patched
    return await func(*newargs, **newkeywargs)
           ^^^^^^^^^^^^^^^^^^^^^^^^^^^^^^^^^^^
  File "/usr/local/google/home/vermaharsh/code/rcps/geminiExtension/DbGeminiCliExtension/tests/test_deployment_service.py", line 79, in test_delete_framework_deployment_success
    self.assertEqual(result["result"], "passed")
    ~~~~~~~~~~~~~~~~^^^^^^^^^^^^^^^^^^^^^^^^^^^^
AssertionError: 'failed' != 'passed'
- failed
+ passed


----------------------------------------------------------------------
Ran 20 tests in 0.149s

FAILED (failures=2, errors=5)
ID: cc-1, Major: 1
